
> strapped-admin@0.1.0 build
> next build

Γû▓ Next.js 16.2.4 (Turbopack)
- Environments: .env.local

  Creating an optimized production build ...
Γ£ô Compiled successfully in 13.3s
  Running TypeScript ...
  Finished TypeScript in 15.1s ...
  Collecting page data using 7 workers ...
  Generating static pages using 7 workers (0/29) ...
  Generating static pages using 7 workers (7/29) 
  Generating static pages using 7 workers (14/29) 
  Generating static pages using 7 workers (21/29) 
Γ£ô Generating static pages using 7 workers (29/29) in 1069ms
  Finalizing page optimization ...

Route (app)
Γöî Γùï /
Γö£ Γùï /_not-found
Γö£ Γùï /accounting
Γö£ ╞Æ /api/access-requests
Γö£ ╞Æ /api/access-requests/[id]
Γö£ ╞Æ /api/auth/[...nextauth]
Γö£ ╞Æ /api/marketing/ai/copywriting
Γö£ ╞Æ /api/marketing/ai/story-generator
Γö£ ╞Æ /api/marketing/content
Γö£ ╞Æ /api/marketing/content/[id]
Γö£ ╞Æ /api/marketing/photoshoot
Γö£ ╞Æ /api/marketing/photoshoot/[id]
Γö£ ╞Æ /api/orders
Γö£ ╞Æ /api/orders/[id]
Γö£ ╞Æ /api/orders/generate-invoice
Γö£ ╞Æ /api/orders/generate-pdf
Γö£ ╞Æ /api/packing
Γö£ ╞Æ /api/resellers
Γö£ ╞Æ /api/users
Γö£ ╞Æ /api/users/[id]
Γö£ Γùï /dashboard
Γö£ Γùï /icon.svg
Γö£ Γùï /inventory
Γö£ Γùï /login
Γö£ Γùï /marketing/content
Γö£ Γùï /marketing/copywriting
Γö£ Γùï /marketing/generator
Γö£ Γùï /marketing/photoshoot
Γö£ Γùï /orders/ongoing
Γö£ Γùï /orders/past
Γö£ Γùï /packing
Γö£ Γùï /production-parse
Γö£ Γùï /resellers
Γöö Γùï /team


╞Æ Proxy (Middleware)

Γùï  (Static)   prerendered as static content
╞Æ  (Dynamic)  server-rendered on demand

